// Jest Snapshot v1, https://goo.gl/fbAQLP

exports[`CharactersContainer should match the snapshot with correct data 1`] = `
<section
  className="charac-container"
>
  <Characters
    checkFavoriteStatus="true"
    films="The Phantom Menace"
    homeworld="Jabba Desilijic Tiure"
    id="16"
    isFavorite="true"
    key="16"
    name="Jabba Desilijic Tiure"
    population="7000000000"
    species="Hutt"
    updateFavoriteCharacters={[MockFunction]}
    url="https://swapi.co/api/people/16/"
  />
  <Characters
    checkFavoriteStatus="true"
    films="The Phantom Menace"
    homeworld="Jabba Desilijic Tiure"
    id="16"
    isFavorite="true"
    key="16"
    name="Jabba Desilijic Tiure"
    population="7000000000"
    species="Hutt"
    updateFavoriteCharacters={[MockFunction]}
    url="https://swapi.co/api/people/16/"
  />
</section>
`;
