// Jest Snapshot v1, https://goo.gl/fbAQLP

exports[`Scrolling Text Should match the snapshot 1`] = `
<article>
  <section
    className="scrolling-text"
  >
    <div
      className="crawl"
    >
      <div
        className="title"
      >
        <p>
          Episode 
          4
        </p>
        <h4
          className="movie-title"
        />
      </div>
      <p />
    </div>
  </section>
</article>
`;
